  Compiling CUDA source file kernel.cu...
  
  C:\Users\crupi\source\repos\cplus\chapt_4_vector_add>"C:\Program Files\NVIDIA GPU Computing Toolkit\CUDA\v13.2\bin\nvcc.exe" -gencode=arch=compute_75,code=\"sm_75,compute_75\" --use-local-env -ccbin "C:\Program Files\Microsoft Visual Studio\18\Community\VC\Tools\MSVC\14.50.35717\bin\HostX64\x64" -x cu   -I"C:\Program Files\NVIDIA GPU Computing Toolkit\CUDA\v13.2\include" -I"C:\Users\crupi\vcpkg\installed\x64-windows\include" -I"C:\Program Files\NVIDIA GPU Computing Toolkit\CUDA\v13.2\include"  -G   --keep-dir chapt_4_.6A05BB14\x64\Debug  -maxrregcount=0    --machine 64 --compile -cudart hybrid  -g  -DWIN32 -DWIN64 -D_DEBUG -D_CONSOLE -D_MBCS -Xcompiler "/EHsc /W3 /nologo /Od /FS /Zi /RTC1 /MDd " -Xcompiler "/Fdchapt_4_.6A05BB14\x64\Debug\vc145.pdb" -o C:\Users\crupi\source\repos\cplus\chapt_4_vector_add\chapt_4_.6A05BB14\x64\Debug\kernel.cu.obj "C:\Users\crupi\source\repos\cplus\chapt_4_vector_add\kernel.cu" 
C:\Users\crupi\source\repos\cplus\chapt_4_vector_add\kernel.cu(13): warning #1569-D: specifiers after comma between declarations are nonstandard
        int a[10], int b[10], int c[10];
                   ^
  
  Remark: The warnings can be suppressed with "-diag-suppress <warning-number>"
  
C:\Users\crupi\source\repos\cplus\chapt_4_vector_add\kernel.cu(13): warning #1569-D: specifiers after comma between declarations are nonstandard
        int a[10], int b[10], int c[10];
                              ^
  
C:\Users\crupi\source\repos\cplus\chapt_4_vector_add\kernel.cu(13): warning #1569-D: specifiers after comma between declarations are nonstandard
        int a[10], int b[10], int c[10];
                   ^
  
  Remark: The warnings can be suppressed with "-diag-suppress <warning-number>"
  
C:\Users\crupi\source\repos\cplus\chapt_4_vector_add\kernel.cu(13): warning #1569-D: specifiers after comma between declarations are nonstandard
        int a[10], int b[10], int c[10];
                              ^
  
  kernel.cu
  tmpxft_00002360_00000000-7_kernel.cudafe1.cpp
     Creating library C:\Users\crupi\source\repos\cplus\chapt_4_vector_add\x64\Debug\chapt_4_vector_add.lib and object C:\Users\crupi\source\repos\cplus\chapt_4_vector_add\x64\Debug\chapt_4_vector_add.exp
LINK : warning LNK4098: defaultlib 'LIBCMT' conflicts with use of other libs; use /NODEFAULTLIB:library
  chapt_4_vector_add.vcxproj -> C:\Users\crupi\source\repos\cplus\chapt_4_vector_add\x64\Debug\chapt_4_vector_add.exe
