  Compiling CUDA source file kernel.cu...
  
  C:\Users\crupi\source\repos\cplus\matrix_multiplication>"C:\Program Files\NVIDIA GPU Computing Toolkit\CUDA\v13.2\bin\nvcc.exe" -gencode=arch=compute_75,code=\"sm_75,compute_75\" --use-local-env -ccbin "C:\Program Files\Microsoft Visual Studio\18\Community\VC\Tools\MSVC\14.50.35717\bin\HostX64\x64" -x cu   -I"C:\Program Files\NVIDIA GPU Computing Toolkit\CUDA\v13.2\include" -I"C:\Users\crupi\vcpkg\installed\x64-windows\include" -I"C:\Program Files\NVIDIA GPU Computing Toolkit\CUDA\v13.2\include"  -G   --keep-dir matrix_m.E2BDEC5D\x64\Debug  -maxrregcount=0    --machine 64 --compile -cudart hybrid  -g  -DWIN32 -DWIN64 -D_DEBUG -D_CONSOLE -D_MBCS -Xcompiler "/EHsc /W3 /nologo /Od /FS /Zi /RTC1 /MDd " -Xcompiler "/Fdmatrix_m.E2BDEC5D\x64\Debug\vc145.pdb" -o C:\Users\crupi\source\repos\cplus\matrix_multiplication\matrix_m.E2BDEC5D\x64\Debug\kernel.cu.obj "C:\Users\crupi\source\repos\cplus\matrix_multiplication\kernel.cu" 
C:\Users\crupi\source\repos\cplus\matrix_multiplication\kernel.cu(37): warning #546-D: transfer of control bypasses initialization of:
              variable "threadsPerBlock" (declared at line 56)
              variable "blocksPerGrid" (declared at line 57)
            goto Error;
            ^
  
  Remark: The warnings can be suppressed with "-diag-suppress <warning-number>"
  
C:\Users\crupi\source\repos\cplus\matrix_multiplication\kernel.cu(41): warning #546-D: transfer of control bypasses initialization of:
              variable "threadsPerBlock" (declared at line 56)
              variable "blocksPerGrid" (declared at line 57)
        if (cudaStatus != cudaSuccess) goto Error;
                                       ^
  
C:\Users\crupi\source\repos\cplus\matrix_multiplication\kernel.cu(44): warning #546-D: transfer of control bypasses initialization of:
              variable "threadsPerBlock" (declared at line 56)
              variable "blocksPerGrid" (declared at line 57)
        if (cudaStatus != cudaSuccess) goto Error;
                                       ^
  
C:\Users\crupi\source\repos\cplus\matrix_multiplication\kernel.cu(47): warning #546-D: transfer of control bypasses initialization of:
              variable "threadsPerBlock" (declared at line 56)
              variable "blocksPerGrid" (declared at line 57)
        if (cudaStatus != cudaSuccess) goto Error;
                                       ^
  
C:\Users\crupi\source\repos\cplus\matrix_multiplication\kernel.cu(50): warning #546-D: transfer of control bypasses initialization of:
              variable "threadsPerBlock" (declared at line 56)
              variable "blocksPerGrid" (declared at line 57)
        if (cudaStatus != cudaSuccess) goto Error;
                                       ^
  
C:\Users\crupi\source\repos\cplus\matrix_multiplication\kernel.cu(53): warning #546-D: transfer of control bypasses initialization of:
              variable "threadsPerBlock" (declared at line 56)
              variable "blocksPerGrid" (declared at line 57)
        if (cudaStatus != cudaSuccess) goto Error;
                                       ^
  
C:\Users\crupi\source\repos\cplus\matrix_multiplication\kernel.cu(37): warning #546-D: transfer of control bypasses initialization of:
              variable "threadsPerBlock" (declared at line 56)
              variable "blocksPerGrid" (declared at line 57)
            goto Error;
            ^
  
  Remark: The warnings can be suppressed with "-diag-suppress <warning-number>"
  
C:\Users\crupi\source\repos\cplus\matrix_multiplication\kernel.cu(41): warning #546-D: transfer of control bypasses initialization of:
              variable "threadsPerBlock" (declared at line 56)
              variable "blocksPerGrid" (declared at line 57)
        if (cudaStatus != cudaSuccess) goto Error;
                                       ^
  
C:\Users\crupi\source\repos\cplus\matrix_multiplication\kernel.cu(44): warning #546-D: transfer of control bypasses initialization of:
              variable "threadsPerBlock" (declared at line 56)
              variable "blocksPerGrid" (declared at line 57)
        if (cudaStatus != cudaSuccess) goto Error;
                                       ^
  
C:\Users\crupi\source\repos\cplus\matrix_multiplication\kernel.cu(47): warning #546-D: transfer of control bypasses initialization of:
              variable "threadsPerBlock" (declared at line 56)
              variable "blocksPerGrid" (declared at line 57)
        if (cudaStatus != cudaSuccess) goto Error;
                                       ^
  
C:\Users\crupi\source\repos\cplus\matrix_multiplication\kernel.cu(50): warning #546-D: transfer of control bypasses initialization of:
              variable "threadsPerBlock" (declared at line 56)
              variable "blocksPerGrid" (declared at line 57)
        if (cudaStatus != cudaSuccess) goto Error;
                                       ^
  
C:\Users\crupi\source\repos\cplus\matrix_multiplication\kernel.cu(53): warning #546-D: transfer of control bypasses initialization of:
              variable "threadsPerBlock" (declared at line 56)
              variable "blocksPerGrid" (declared at line 57)
        if (cudaStatus != cudaSuccess) goto Error;
                                       ^
  
  kernel.cu
  tmpxft_00003724_00000000-7_kernel.cudafe1.cpp
C:\Users\crupi\source\repos\cplus\matrix_multiplication\kernel.cu(57): warning C4533: initialization of 'blocksPerGrid' is skipped by 'goto Error'
  C:\Users\crupi\source\repos\cplus\matrix_multiplication\kernel.cu(76): note: see declaration of 'Error'
  C:\Users\crupi\source\repos\cplus\matrix_multiplication\kernel.cu(37): note: jump to label 'Error' from here
C:\Users\crupi\source\repos\cplus\matrix_multiplication\kernel.cu(56): warning C4533: initialization of 'threadsPerBlock' is skipped by 'goto Error'
  C:\Users\crupi\source\repos\cplus\matrix_multiplication\kernel.cu(76): note: see declaration of 'Error'
  C:\Users\crupi\source\repos\cplus\matrix_multiplication\kernel.cu(37): note: jump to label 'Error' from here
  matrix_multiplication.vcxproj -> C:\Users\crupi\source\repos\cplus\matrix_multiplication\x64\Debug\matrix_multiplication.exe
